[delux-conference.webflow.io/index.html]
[backblue.gif]
[fade.gif]
[index.html]
[assets.website-files.com/5dc9df0bcd9d01fc66ba72a6/css/delux-conference.webflow.6e22ba3a6.css]
[ajax.googleapis.com/ajax/libs/webfont/1.6.26/webfont.js]
[assets.website-files.com/5dc9df0bcd9d01fc66ba72a6/5dca5de9d358daf945098ca7_delux favicon.png]
[assets.website-files.com/5dc9df0bcd9d01fc66ba72a6/5dca5deb475410a6998dfa72_Delux Webclip.png]
[assets.website-files.com/5dc9df0bcd9d01fc66ba72a6/5dc9df13ff27a5809be3f6cc_Delux red.png]
[assets.website-files.com/5dc9df0bcd9d01fc66ba72a6/5dc9df13ff27a579bbe3f6c9_Delux white.png]
[assets.website-files.com/5dc9df0bcd9d01fc66ba72a6/5dca1d500b137ab0ee7c6538_webflow_dark.png]
[assets.website-files.com/5dc9df0bcd9d01fc66ba72a6/5dca24952f3232138e9b8fca_zapier-logo-dark.png]
[assets.website-files.com/5dc9df0bcd9d01fc66ba72a6/5dca24952f32324c899b8fcb_slack dark.png]
[assets.website-files.com/5dc9df0bcd9d01fc66ba72a6/5dca2497b7545fa740f86401_stripe dark.png]
[assets.website-files.com/5dc9df0bcd9d01fc66ba72a6/5dca24962f323273ee9b8fcd_facebook_logos_dark.png]
[assets.website-files.com/5dc9df0bcd9d01fc66ba72a6/5dca24962f3232b9309b8fcc_mailchimp dark.png]
[assets.website-files.com/5dc9df0bcd9d01fc66ba72a6/5dca4fe252043cf59472625c_speaker image.png]
[assets.website-files.com/5dc9df0bcd9d01fc66ba72a6/5dc9df13ff27a54043e3f6bd_faceb.png]
[assets.website-files.com/5dc9df0bcd9d01fc66ba72a6/5dca0b9f0b137a867a7b65b9_5dc9df13ff27a54043e3f6bd_faceb.png]
[assets.website-files.com/5dc9df0bcd9d01fc66ba72a6/5dc9df13ff27a56275e3f6b3_2000px-Instagram_simple_icon.svg.png]
[assets.website-files.com/5dc9df0bcd9d01fc66ba72a6/5dca0ba00b137affbd7b65cc_5dc9df13ff27a56275e3f6b3_2000px-Instagram_simple_icon.svg.png]
[d3e54v103j8qbb.cloudfront.net/js/jquery-3.5.1.min.dc5e7f18c8ef9a.js]
[delux-conference.webflow.io/index.html]
[assets.website-files.com/5dc9df0bcd9d01fc66ba72a6/js/webflow.9daea189a.js]
[assets.website-files.com/5dc9df0bcd9d01fc66ba72a6/5dca20932f3232b2909b73a4_zoe-fernandez--zqoE7jnQgw-unsplash.jpg]
[assets.website-files.com/5dc9df0bcd9d01fc66ba72a6/5dca20930b137a8ffe7c7071_janko-ferlic-specialdaddy-qzDF5PNEWKc-unsplash.jpg]
[assets.website-files.com/5dc9df0bcd9d01fc66ba72a6/5dca2093b730b5295b4d2574_benjamin-parker-NohB3FJSY90-unsplash.jpg]
[assets.website-files.com/5dc9df0bcd9d01fc66ba72a6/5dca20930b137a2dd07c7072_benjamin-parker-OhKElOkQ3RE-unsplash.jpg]
[assets.website-files.com/5dc9df0bcd9d01fc66ba72a6/5dca2093b730b59e764d2575_ryan-kwok-89HpG8WXS0M-unsplash.jpg]
[assets.website-files.com/5dc9df0bcd9d01fc66ba72a6/5dca20923020d0cd2d111c9f_jackson-schaal-AR9mvykzSOA-unsplash.jpg]
[assets.website-files.com/5dc9df0bcd9d01fc66ba72a6/css/delux-conference.webflow.6e22ba3a6.css]
[delux-conference.webflow.io/_https_/assets.website-files.com/5dc9df0bcd9d01fc66ba72a6/5dd0d0bec5a7ed1e0558b5cf_video (1.html]
[delux-conference.webflow.io/image-licensing.html]
[delux-conference.webflow.io/style-guide.html]
